\BOOKMARK [0][-]{section*.2}{\376\377\000C\000o\000n\000t\000e\000n\000t\000s}{}% 1
\BOOKMARK [-1][-]{part.1}{\376\377\000P\000o\000i\000n\000t\000\040\000S\000e\000t\000\040\000T\000o\000p\000o\000l\000o\000g\000y}{}% 2
\BOOKMARK [0][-]{chapter.1}{\376\377\000T\000o\000p\000o\000l\000o\000g\000i\000c\000a\000l\000\040\000S\000p\000a\000c\000e\000s}{part.1}% 3
\BOOKMARK [1][-]{section.1.1}{\376\377\000T\000o\000p\000o\000l\000o\000g\000i\000c\000a\000l\000\040\000S\000p\000a\000c\000e\000s}{chapter.1}% 4
\BOOKMARK [1][-]{section.1.2}{\376\377\000T\000o\000p\000o\000l\000o\000g\000i\000e\000s\000\040\000G\000e\000n\000e\000r\000a\000t\000e\000d\000\040\000b\000y\000\040\000a\000\040\000B\000a\000s\000i\000s}{chapter.1}% 5
\BOOKMARK [1][-]{section.1.3}{\376\377\000P\000r\000o\000d\000u\000c\000t\000\040\000T\000o\000p\000o\000l\000o\000g\000i\000e\000s}{chapter.1}% 6
\BOOKMARK [1][-]{section.1.4}{\376\377\000S\000u\000b\000s\000p\000a\000c\000e\000\040\000T\000o\000p\000o\000l\000o\000g\000y}{chapter.1}% 7
\BOOKMARK [1][-]{section.1.5}{\376\377\000C\000l\000o\000s\000e\000d\000\040\000S\000e\000t\000s}{chapter.1}% 8
\BOOKMARK [1][-]{section.1.6}{\376\377\000C\000l\000o\000s\000u\000r\000e\000\040\000a\000n\000d\000\040\000I\000n\000t\000e\000r\000i\000o\000r}{chapter.1}% 9
\BOOKMARK [1][-]{section.1.7}{\376\377\000L\000i\000m\000i\000t\000\040\000P\000o\000i\000n\000t\000s\000\040\000o\000f\000\040\000a\000\040\000S\000e\000t}{chapter.1}% 10
\BOOKMARK [1][-]{section.1.8}{\376\377\000H\000a\000u\000s\000d\000o\000r\000f\000f\000\040\000S\000p\000a\000c\000e\000s}{chapter.1}% 11
\BOOKMARK [1][-]{section.1.9}{\376\377\000C\000o\000n\000t\000i\000n\000u\000i\000t\000y}{chapter.1}% 12
\BOOKMARK [1][-]{section.1.10}{\376\377\000M\000e\000t\000r\000i\000c\000\040\000T\000o\000p\000o\000l\000o\000g\000i\000e\000s}{chapter.1}% 13
\BOOKMARK [1][-]{section.1.11}{\376\377\000Q\000u\000o\000t\000i\000e\000n\000t\000\040\000T\000o\000p\000o\000l\000o\000g\000i\000e\000s}{chapter.1}% 14
\BOOKMARK [0][-]{chapter.2}{\376\377\000C\000o\000n\000n\000e\000c\000t\000e\000d\000n\000e\000s\000s\000\040\000a\000n\000d\000\040\000C\000o\000m\000p\000a\000c\000t\000n\000e\000s\000s}{part.1}% 15
\BOOKMARK [1][-]{section.2.1}{\376\377\000C\000o\000n\000n\000e\000c\000t\000e\000d\000\040\000S\000p\000a\000c\000e\000s}{chapter.2}% 16
\BOOKMARK [1][-]{section.2.2}{\376\377\000C\000o\000n\000n\000e\000c\000t\000e\000d\000\040\000S\000u\000b\000s\000p\000a\000c\000e\000s\000\040\000o\000f\000\040\000\040}{chapter.2}% 17
\BOOKMARK [1][-]{section.2.3}{\376\377\000P\000a\000t\000h\000\040\000C\000o\000n\000n\000e\000c\000t\000e\000d\000n\000e\000s\000s}{chapter.2}% 18
\BOOKMARK [1][-]{section.2.4}{\376\377\000C\000o\000m\000p\000a\000c\000t\000n\000e\000s\000s}{chapter.2}% 19
\BOOKMARK [-1][-]{part.2}{\376\377\000A\000l\000g\000e\000b\000r\000a\000i\000c\000\040\000T\000o\000p\000o\000l\000o\000g\000y}{}% 20
\BOOKMARK [0][-]{chapter.3}{\376\377\000H\000o\000m\000o\000t\000o\000p\000y\000\040\000T\000h\000e\000o\000r\000y}{part.2}% 21
\BOOKMARK [1][-]{section.3.1}{\376\377\000H\000o\000m\000o\000t\000o\000p\000y\000\040\000o\000f\000\040\000F\000u\000n\000c\000t\000i\000o\000n\000s\000\040\000a\000n\000d\000\040\000P\000a\000t\000h\000s}{chapter.3}% 22
\BOOKMARK [1][-]{section.3.2}{\376\377\000T\000h\000e\000\040\000F\000u\000n\000d\000a\000m\000e\000n\000t\000a\000l\000\040\000G\000r\000o\000u\000p}{chapter.3}% 23
\BOOKMARK [1][-]{section.3.3}{\376\377\000R\000e\000t\000r\000a\000c\000t\000i\000o\000n\000s\000\040\000a\000n\000d\000\040\000F\000i\000x\000e\000d\000\040\000P\000o\000i\000n\000t\000s}{chapter.3}% 24
\BOOKMARK [1][-]{section.3.4}{\376\377\000D\000e\000f\000o\000r\000m\000a\000t\000i\000o\000n\000\040\000R\000e\000t\000r\000a\000c\000t\000s\000\040\000a\000n\000d\000\040\000H\000o\000m\000o\000t\000o\000p\000y\000\040\000T\000y\000p\000e}{chapter.3}% 25
\BOOKMARK [1][-]{section.3.5}{\376\377\000C\000o\000v\000e\000r\000i\000n\000g\000\040\000S\000p\000a\000c\000e\000s}{chapter.3}% 26
\BOOKMARK [1][-]{section.3.6}{\376\377\000L\000i\000f\000t\000s}{chapter.3}% 27
